// Jest Snapshot v1, https://goo.gl/fbAQLP

exports[`Header renders correctly 1`] = `
<header>
  <div
    className="flex flex-wrap items-center justify-between max-w-4xl p-4 mx-auto md:px-8"
  >
    <a
      href="/"
    >
      <h1
        className="flex items-center no-underline"
      >
        <span
          className="text-xl font-bold tracking-tight"
        >
          Default Starter
        </span>
      </h1>
    </a>
    <button
      className="flex items-center block px-3 py-2 border border-white rounded md:hidden"
      onClick={[Function]}
    >
      <svg
        className="w-3 h-3 fill-current"
        viewBox="0 0 20 20"
        xmlns="http://www.w3.org/2000/svg"
      >
        <title>
          Menu
        </title>
        <path
          d="M0 3h20v2H0V3zm0 6h20v2H0V9zm0 6h20v2H0v-2z"
        />
      </svg>
    </button>
    <nav
      className="hidden md:block md:flex md:items-center w-full md:w-auto"
    />
  </div>
</header>
`;
